Analysis & Synthesis report for ME_Unidad_Control
Fri May 17 09:32:20 2024
Quartus Prime Version 18.0.0 Build 614 04/24/2018 SJ Lite Edition


---------------------
; Table of Contents ;
---------------------
  1. Legal Notice
  2. Analysis & Synthesis Summary
  3. Analysis & Synthesis Settings
  4. Parallel Compilation
  5. Analysis & Synthesis Source Files Read
  6. Analysis & Synthesis Resource Usage Summary
  7. Analysis & Synthesis Resource Utilization by Entity
  8. State Machine - |ME_Unidad_Control|EDO
  9. User-Specified and Inferred Latches
 10. General Register Statistics
 11. Post-Synthesis Netlist Statistics for Top Partition
 12. Elapsed Time Per Partition
 13. Analysis & Synthesis Messages



----------------
; Legal Notice ;
----------------
Copyright (C) 2018  Intel Corporation. All rights reserved.
Your use of Intel Corporation's design tools, logic functions 
and other software and tools, and its AMPP partner logic 
functions, and any output files from any of the foregoing 
(including device programming or simulation files), and any 
associated documentation or information are expressly subject 
to the terms and conditions of the Intel Program License 
Subscription Agreement, the Intel Quartus Prime License Agreement,
the Intel FPGA IP License Agreement, or other applicable license
agreement, including, without limitation, that your use is for
the sole purpose of programming logic devices manufactured by
Intel and sold by Intel or its authorized distributors.  Please
refer to the applicable agreement for further details.



+----------------------------------------------------------------------------------+
; Analysis & Synthesis Summary                                                     ;
+------------------------------------+---------------------------------------------+
; Analysis & Synthesis Status        ; Successful - Fri May 17 09:32:20 2024       ;
; Quartus Prime Version              ; 18.0.0 Build 614 04/24/2018 SJ Lite Edition ;
; Revision Name                      ; ME_Unidad_Control                           ;
; Top-level Entity Name              ; ME_Unidad_Control                           ;
; Family                             ; MAX 10                                      ;
; Total logic elements               ; 131                                         ;
;     Total combinational functions  ; 121                                         ;
;     Dedicated logic registers      ; 44                                          ;
; Total registers                    ; 44                                          ;
; Total pins                         ; 35                                          ;
; Total virtual pins                 ; 0                                           ;
; Total memory bits                  ; 0                                           ;
; Embedded Multiplier 9-bit elements ; 0                                           ;
; Total PLLs                         ; 0                                           ;
; UFM blocks                         ; 0                                           ;
; ADC blocks                         ; 0                                           ;
+------------------------------------+---------------------------------------------+


+------------------------------------------------------------------------------------------------------------+
; Analysis & Synthesis Settings                                                                              ;
+------------------------------------------------------------------+--------------------+--------------------+
; Option                                                           ; Setting            ; Default Value      ;
+------------------------------------------------------------------+--------------------+--------------------+
; Device                                                           ; 10M50DAF484C7G     ;                    ;
; Top-level entity name                                            ; ME_Unidad_Control  ; ME_Unidad_Control  ;
; Family name                                                      ; MAX 10             ; Cyclone V          ;
; Use smart compilation                                            ; Off                ; Off                ;
; Enable parallel Assembler and Timing Analyzer during compilation ; On                 ; On                 ;
; Enable compact report table                                      ; Off                ; Off                ;
; Restructure Multiplexers                                         ; Auto               ; Auto               ;
; Create Debugging Nodes for IP Cores                              ; Off                ; Off                ;
; Preserve fewer node names                                        ; On                 ; On                 ;
; Intel FPGA IP Evaluation Mode                                    ; Enable             ; Enable             ;
; Verilog Version                                                  ; Verilog_2001       ; Verilog_2001       ;
; VHDL Version                                                     ; VHDL_1993          ; VHDL_1993          ;
; State Machine Processing                                         ; Auto               ; Auto               ;
; Safe State Machine                                               ; Off                ; Off                ;
; Extract Verilog State Machines                                   ; On                 ; On                 ;
; Extract VHDL State Machines                                      ; On                 ; On                 ;
; Ignore Verilog initial constructs                                ; Off                ; Off                ;
; Iteration limit for constant Verilog loops                       ; 5000               ; 5000               ;
; Iteration limit for non-constant Verilog loops                   ; 250                ; 250                ;
; Add Pass-Through Logic to Inferred RAMs                          ; On                 ; On                 ;
; Infer RAMs from Raw Logic                                        ; On                 ; On                 ;
; Parallel Synthesis                                               ; On                 ; On                 ;
; DSP Block Balancing                                              ; Auto               ; Auto               ;
; NOT Gate Push-Back                                               ; On                 ; On                 ;
; Power-Up Don't Care                                              ; On                 ; On                 ;
; Remove Redundant Logic Cells                                     ; Off                ; Off                ;
; Remove Duplicate Registers                                       ; On                 ; On                 ;
; Ignore CARRY Buffers                                             ; Off                ; Off                ;
; Ignore CASCADE Buffers                                           ; Off                ; Off                ;
; Ignore GLOBAL Buffers                                            ; Off                ; Off                ;
; Ignore ROW GLOBAL Buffers                                        ; Off                ; Off                ;
; Ignore LCELL Buffers                                             ; Off                ; Off                ;
; Ignore SOFT Buffers                                              ; On                 ; On                 ;
; Limit AHDL Integers to 32 Bits                                   ; Off                ; Off                ;
; Optimization Technique                                           ; Balanced           ; Balanced           ;
; Carry Chain Length                                               ; 70                 ; 70                 ;
; Auto Carry Chains                                                ; On                 ; On                 ;
; Auto Open-Drain Pins                                             ; On                 ; On                 ;
; Perform WYSIWYG Primitive Resynthesis                            ; Off                ; Off                ;
; Auto ROM Replacement                                             ; On                 ; On                 ;
; Auto RAM Replacement                                             ; On                 ; On                 ;
; Auto DSP Block Replacement                                       ; On                 ; On                 ;
; Auto Shift Register Replacement                                  ; Auto               ; Auto               ;
; Allow Shift Register Merging across Hierarchies                  ; Auto               ; Auto               ;
; Auto Clock Enable Replacement                                    ; On                 ; On                 ;
; Strict RAM Replacement                                           ; Off                ; Off                ;
; Allow Synchronous Control Signals                                ; On                 ; On                 ;
; Force Use of Synchronous Clear Signals                           ; Off                ; Off                ;
; Auto RAM Block Balancing                                         ; On                 ; On                 ;
; Auto RAM to Logic Cell Conversion                                ; Off                ; Off                ;
; Auto Resource Sharing                                            ; Off                ; Off                ;
; Allow Any RAM Size For Recognition                               ; Off                ; Off                ;
; Allow Any ROM Size For Recognition                               ; Off                ; Off                ;
; Allow Any Shift Register Size For Recognition                    ; Off                ; Off                ;
; Use LogicLock Constraints during Resource Balancing              ; On                 ; On                 ;
; Ignore translate_off and synthesis_off directives                ; Off                ; Off                ;
; Timing-Driven Synthesis                                          ; On                 ; On                 ;
; Report Parameter Settings                                        ; On                 ; On                 ;
; Report Source Assignments                                        ; On                 ; On                 ;
; Report Connectivity Checks                                       ; On                 ; On                 ;
; Ignore Maximum Fan-Out Assignments                               ; Off                ; Off                ;
; Synchronization Register Chain Length                            ; 2                  ; 2                  ;
; Power Optimization During Synthesis                              ; Normal compilation ; Normal compilation ;
; HDL message level                                                ; Level2             ; Level2             ;
; Suppress Register Optimization Related Messages                  ; Off                ; Off                ;
; Number of Removed Registers Reported in Synthesis Report         ; 5000               ; 5000               ;
; Number of Swept Nodes Reported in Synthesis Report               ; 5000               ; 5000               ;
; Number of Inverted Registers Reported in Synthesis Report        ; 100                ; 100                ;
; Clock MUX Protection                                             ; On                 ; On                 ;
; Auto Gated Clock Conversion                                      ; Off                ; Off                ;
; Block Design Naming                                              ; Auto               ; Auto               ;
; SDC constraint protection                                        ; Off                ; Off                ;
; Synthesis Effort                                                 ; Auto               ; Auto               ;
; Shift Register Replacement - Allow Asynchronous Clear Signal     ; On                 ; On                 ;
; Pre-Mapping Resynthesis Optimization                             ; Off                ; Off                ;
; Analysis & Synthesis Message Level                               ; Medium             ; Medium             ;
; Disable Register Merging Across Hierarchies                      ; Auto               ; Auto               ;
; Resource Aware Inference For Block RAM                           ; On                 ; On                 ;
+------------------------------------------------------------------+--------------------+--------------------+


+------------------------------------------+
; Parallel Compilation                     ;
+----------------------------+-------------+
; Processors                 ; Number      ;
+----------------------------+-------------+
; Number detected on machine ; 12          ;
; Maximum allowed            ; 6           ;
;                            ;             ;
; Average used               ; 1.00        ;
; Maximum used               ; 6           ;
;                            ;             ;
; Usage by Processor         ; % Time Used ;
;     Processor 1            ; 100.0%      ;
;     Processors 2-6         ;   0.0%      ;
+----------------------------+-------------+


+------------------------------------------------------------------------------------------------------------------------------------------------------------+
; Analysis & Synthesis Source Files Read                                                                                                                     ;
+----------------------------------+-----------------+-----------------+---------------------------------------------------------------------------+---------+
; File Name with User-Entered Path ; Used in Netlist ; File Type       ; File Name with Absolute Path                                              ; Library ;
+----------------------------------+-----------------+-----------------+---------------------------------------------------------------------------+---------+
; ME_Unidad_Control.vhd            ; yes             ; User VHDL File  ; C:/TE2003B/Procesador-8-Bits-VHDL/ME_Unidad_Control/ME_Unidad_Control.vhd ;         ;
+----------------------------------+-----------------+-----------------+---------------------------------------------------------------------------+---------+


+---------------------------------------------------------+
; Analysis & Synthesis Resource Usage Summary             ;
+---------------------------------------------+-----------+
; Resource                                    ; Usage     ;
+---------------------------------------------+-----------+
; Estimated Total logic elements              ; 131       ;
;                                             ;           ;
; Total combinational functions               ; 121       ;
; Logic element usage by number of LUT inputs ;           ;
;     -- 4 input functions                    ; 66        ;
;     -- 3 input functions                    ; 35        ;
;     -- <=2 input functions                  ; 20        ;
;                                             ;           ;
; Logic elements by mode                      ;           ;
;     -- normal mode                          ; 121       ;
;     -- arithmetic mode                      ; 0         ;
;                                             ;           ;
; Total registers                             ; 44        ;
;     -- Dedicated logic registers            ; 44        ;
;     -- I/O registers                        ; 0         ;
;                                             ;           ;
; I/O pins                                    ; 35        ;
;                                             ;           ;
; Embedded Multiplier 9-bit elements          ; 0         ;
;                                             ;           ;
; Maximum fan-out node                        ; CLK~input ;
; Maximum fan-out                             ; 44        ;
; Total fan-out                               ; 594       ;
; Average fan-out                             ; 2.53      ;
+---------------------------------------------+-----------+


+------------------------------------------------------------------------------------------------------------------------------------------------------------------------------------------------------------------------------------------+
; Analysis & Synthesis Resource Utilization by Entity                                                                                                                                                                                      ;
+----------------------------+---------------------+---------------------------+-------------+------------+--------------+---------+-----------+------+--------------+------------+---------------------+-------------------+--------------+
; Compilation Hierarchy Node ; Combinational ALUTs ; Dedicated Logic Registers ; Memory Bits ; UFM Blocks ; DSP Elements ; DSP 9x9 ; DSP 18x18 ; Pins ; Virtual Pins ; ADC blocks ; Full Hierarchy Name ; Entity Name       ; Library Name ;
+----------------------------+---------------------+---------------------------+-------------+------------+--------------+---------+-----------+------+--------------+------------+---------------------+-------------------+--------------+
; |ME_Unidad_Control         ; 121 (121)           ; 44 (44)                   ; 0           ; 0          ; 0            ; 0       ; 0         ; 35   ; 0            ; 0          ; |ME_Unidad_Control  ; ME_Unidad_Control ; work         ;
+----------------------------+---------------------+---------------------------+-------------+------------+--------------+---------+-----------+------+--------------+------------+---------------------+-------------------+--------------+
Note: For table entries with two numbers listed, the numbers in parentheses indicate the number of resources of the given type used by the specific entity alone. The numbers listed outside of parentheses indicate the total resources of the given type used by the specific entity and all of its sub-entities in the hierarchy.


Encoding Type:  One-Hot
+------------------------------------------------------------------------------------------------------------------------------------------------------------------------------------------------------------------------------------------------------------------------------------------------------------------------------------------------------------------------------------------------------------------------------------------------------------------------------------------------------------------------------------------------------------------------------------------------------------------------------------------+
; State Machine - |ME_Unidad_Control|EDO                                                                                                                                                                                                                                                                                                                                                                                                                                                                                                                                                                                                   ;
+-----------------+-----------+-----------+-----------+-----------+-----------+-----------+------------+-----------+------------+------------+------------+-------------+------------+-------------+------------+------------+-------------+-------------+----------+----------+----------+------------+----------+----------+----------+------------+-------------+-------------+-------------+------------+----------------+-----------------+-----------------+-----------------+-----------------+----------------+---------------+----------------+----------------+----------------+------------+------------+------------+----------+
; Name            ; EDO.NOT_B ; EDO.NOT_A ; EDO.DEC_B ; EDO.DEC_A ; EDO.INC_B ; EDO.INC_A ; EDO.XOR_AB ; EDO.OR_AB ; EDO.AND_AB ; EDO.SUB_AB ; EDO.ADD_AB ; EDO.JCC1_NZ ; EDO.JCC1_C ; EDO.JCC1_NC ; EDO.JCC1_V ; EDO.JCC1_Z ; EDO.JCC1_NN ; EDO.JCC1_NV ; EDO.JCC4 ; EDO.JCC3 ; EDO.JCC2 ; EDO.JCC1_N ; EDO.JMP3 ; EDO.JMP2 ; EDO.JMP1 ; EDO.STOREB ; EDO.STOREA4 ; EDO.STOREA3 ; EDO.STOREA2 ; EDO.STOREA ; EDO.Load_DIR_B ; EDO.Load_DIR_A5 ; EDO.Load_DIR_A4 ; EDO.Load_DIR_A3 ; EDO.Load_DIR_A2 ; EDO.Load_DIR_A ; EDO.Load_inmB ; EDO.Load_inmA3 ; EDO.Load_inmA2 ; EDO.Load_inmA1 ; EDO.Decode ; EDO.Fetch2 ; EDO.Fetch1 ; EDO.IDLE ;
+-----------------+-----------+-----------+-----------+-----------+-----------+-----------+------------+-----------+------------+------------+------------+-------------+------------+-------------+------------+------------+-------------+-------------+----------+----------+----------+------------+----------+----------+----------+------------+-------------+-------------+-------------+------------+----------------+-----------------+-----------------+-----------------+-----------------+----------------+---------------+----------------+----------------+----------------+------------+------------+------------+----------+
; EDO.IDLE        ; 0         ; 0         ; 0         ; 0         ; 0         ; 0         ; 0          ; 0         ; 0          ; 0          ; 0          ; 0           ; 0          ; 0           ; 0          ; 0          ; 0           ; 0           ; 0        ; 0        ; 0        ; 0          ; 0        ; 0        ; 0        ; 0          ; 0           ; 0           ; 0           ; 0          ; 0              ; 0               ; 0               ; 0               ; 0               ; 0              ; 0             ; 0              ; 0              ; 0              ; 0          ; 0          ; 0          ; 0        ;
; EDO.Fetch1      ; 0         ; 0         ; 0         ; 0         ; 0         ; 0         ; 0          ; 0         ; 0          ; 0          ; 0          ; 0           ; 0          ; 0           ; 0          ; 0          ; 0           ; 0           ; 0        ; 0        ; 0        ; 0          ; 0        ; 0        ; 0        ; 0          ; 0           ; 0           ; 0           ; 0          ; 0              ; 0               ; 0               ; 0               ; 0               ; 0              ; 0             ; 0              ; 0              ; 0              ; 0          ; 0          ; 1          ; 1        ;
; EDO.Fetch2      ; 0         ; 0         ; 0         ; 0         ; 0         ; 0         ; 0          ; 0         ; 0          ; 0          ; 0          ; 0           ; 0          ; 0           ; 0          ; 0          ; 0           ; 0           ; 0        ; 0        ; 0        ; 0          ; 0        ; 0        ; 0        ; 0          ; 0           ; 0           ; 0           ; 0          ; 0              ; 0               ; 0               ; 0               ; 0               ; 0              ; 0             ; 0              ; 0              ; 0              ; 0          ; 1          ; 0          ; 1        ;
; EDO.Decode      ; 0         ; 0         ; 0         ; 0         ; 0         ; 0         ; 0          ; 0         ; 0          ; 0          ; 0          ; 0           ; 0          ; 0           ; 0          ; 0          ; 0           ; 0           ; 0        ; 0        ; 0        ; 0          ; 0        ; 0        ; 0        ; 0          ; 0           ; 0           ; 0           ; 0          ; 0              ; 0               ; 0               ; 0               ; 0               ; 0              ; 0             ; 0              ; 0              ; 0              ; 1          ; 0          ; 0          ; 1        ;
; EDO.Load_inmA1  ; 0         ; 0         ; 0         ; 0         ; 0         ; 0         ; 0          ; 0         ; 0          ; 0          ; 0          ; 0           ; 0          ; 0           ; 0          ; 0          ; 0           ; 0           ; 0        ; 0        ; 0        ; 0          ; 0        ; 0        ; 0        ; 0          ; 0           ; 0           ; 0           ; 0          ; 0              ; 0               ; 0               ; 0               ; 0               ; 0              ; 0             ; 0              ; 0              ; 1              ; 0          ; 0          ; 0          ; 1        ;
; EDO.Load_inmA2  ; 0         ; 0         ; 0         ; 0         ; 0         ; 0         ; 0          ; 0         ; 0          ; 0          ; 0          ; 0           ; 0          ; 0           ; 0          ; 0          ; 0           ; 0           ; 0        ; 0        ; 0        ; 0          ; 0        ; 0        ; 0        ; 0          ; 0           ; 0           ; 0           ; 0          ; 0              ; 0               ; 0               ; 0               ; 0               ; 0              ; 0             ; 0              ; 1              ; 0              ; 0          ; 0          ; 0          ; 1        ;
; EDO.Load_inmA3  ; 0         ; 0         ; 0         ; 0         ; 0         ; 0         ; 0          ; 0         ; 0          ; 0          ; 0          ; 0           ; 0          ; 0           ; 0          ; 0          ; 0           ; 0           ; 0        ; 0        ; 0        ; 0          ; 0        ; 0        ; 0        ; 0          ; 0           ; 0           ; 0           ; 0          ; 0              ; 0               ; 0               ; 0               ; 0               ; 0              ; 0             ; 1              ; 0              ; 0              ; 0          ; 0          ; 0          ; 1        ;
; EDO.Load_inmB   ; 0         ; 0         ; 0         ; 0         ; 0         ; 0         ; 0          ; 0         ; 0          ; 0          ; 0          ; 0           ; 0          ; 0           ; 0          ; 0          ; 0           ; 0           ; 0        ; 0        ; 0        ; 0          ; 0        ; 0        ; 0        ; 0          ; 0           ; 0           ; 0           ; 0          ; 0              ; 0               ; 0               ; 0               ; 0               ; 0              ; 1             ; 0              ; 0              ; 0              ; 0          ; 0          ; 0          ; 1        ;
; EDO.Load_DIR_A  ; 0         ; 0         ; 0         ; 0         ; 0         ; 0         ; 0          ; 0         ; 0          ; 0          ; 0          ; 0           ; 0          ; 0           ; 0          ; 0          ; 0           ; 0           ; 0        ; 0        ; 0        ; 0          ; 0        ; 0        ; 0        ; 0          ; 0           ; 0           ; 0           ; 0          ; 0              ; 0               ; 0               ; 0               ; 0               ; 1              ; 0             ; 0              ; 0              ; 0              ; 0          ; 0          ; 0          ; 1        ;
; EDO.Load_DIR_A2 ; 0         ; 0         ; 0         ; 0         ; 0         ; 0         ; 0          ; 0         ; 0          ; 0          ; 0          ; 0           ; 0          ; 0           ; 0          ; 0          ; 0           ; 0           ; 0        ; 0        ; 0        ; 0          ; 0        ; 0        ; 0        ; 0          ; 0           ; 0           ; 0           ; 0          ; 0              ; 0               ; 0               ; 0               ; 1               ; 0              ; 0             ; 0              ; 0              ; 0              ; 0          ; 0          ; 0          ; 1        ;
; EDO.Load_DIR_A3 ; 0         ; 0         ; 0         ; 0         ; 0         ; 0         ; 0          ; 0         ; 0          ; 0          ; 0          ; 0           ; 0          ; 0           ; 0          ; 0          ; 0           ; 0           ; 0        ; 0        ; 0        ; 0          ; 0        ; 0        ; 0        ; 0          ; 0           ; 0           ; 0           ; 0          ; 0              ; 0               ; 0               ; 1               ; 0               ; 0              ; 0             ; 0              ; 0              ; 0              ; 0          ; 0          ; 0          ; 1        ;
; EDO.Load_DIR_A4 ; 0         ; 0         ; 0         ; 0         ; 0         ; 0         ; 0          ; 0         ; 0          ; 0          ; 0          ; 0           ; 0          ; 0           ; 0          ; 0          ; 0           ; 0           ; 0        ; 0        ; 0        ; 0          ; 0        ; 0        ; 0        ; 0          ; 0           ; 0           ; 0           ; 0          ; 0              ; 0               ; 1               ; 0               ; 0               ; 0              ; 0             ; 0              ; 0              ; 0              ; 0          ; 0          ; 0          ; 1        ;
; EDO.Load_DIR_A5 ; 0         ; 0         ; 0         ; 0         ; 0         ; 0         ; 0          ; 0         ; 0          ; 0          ; 0          ; 0           ; 0          ; 0           ; 0          ; 0          ; 0           ; 0           ; 0        ; 0        ; 0        ; 0          ; 0        ; 0        ; 0        ; 0          ; 0           ; 0           ; 0           ; 0          ; 0              ; 1               ; 0               ; 0               ; 0               ; 0              ; 0             ; 0              ; 0              ; 0              ; 0          ; 0          ; 0          ; 1        ;
; EDO.Load_DIR_B  ; 0         ; 0         ; 0         ; 0         ; 0         ; 0         ; 0          ; 0         ; 0          ; 0          ; 0          ; 0           ; 0          ; 0           ; 0          ; 0          ; 0           ; 0           ; 0        ; 0        ; 0        ; 0          ; 0        ; 0        ; 0        ; 0          ; 0           ; 0           ; 0           ; 0          ; 1              ; 0               ; 0               ; 0               ; 0               ; 0              ; 0             ; 0              ; 0              ; 0              ; 0          ; 0          ; 0          ; 1        ;
; EDO.STOREA      ; 0         ; 0         ; 0         ; 0         ; 0         ; 0         ; 0          ; 0         ; 0          ; 0          ; 0          ; 0           ; 0          ; 0           ; 0          ; 0          ; 0           ; 0           ; 0        ; 0        ; 0        ; 0          ; 0        ; 0        ; 0        ; 0          ; 0           ; 0           ; 0           ; 1          ; 0              ; 0               ; 0               ; 0               ; 0               ; 0              ; 0             ; 0              ; 0              ; 0              ; 0          ; 0          ; 0          ; 1        ;
; EDO.STOREA2     ; 0         ; 0         ; 0         ; 0         ; 0         ; 0         ; 0          ; 0         ; 0          ; 0          ; 0          ; 0           ; 0          ; 0           ; 0          ; 0          ; 0           ; 0           ; 0        ; 0        ; 0        ; 0          ; 0        ; 0        ; 0        ; 0          ; 0           ; 0           ; 1           ; 0          ; 0              ; 0               ; 0               ; 0               ; 0               ; 0              ; 0             ; 0              ; 0              ; 0              ; 0          ; 0          ; 0          ; 1        ;
; EDO.STOREA3     ; 0         ; 0         ; 0         ; 0         ; 0         ; 0         ; 0          ; 0         ; 0          ; 0          ; 0          ; 0           ; 0          ; 0           ; 0          ; 0          ; 0           ; 0           ; 0        ; 0        ; 0        ; 0          ; 0        ; 0        ; 0        ; 0          ; 0           ; 1           ; 0           ; 0          ; 0              ; 0               ; 0               ; 0               ; 0               ; 0              ; 0             ; 0              ; 0              ; 0              ; 0          ; 0          ; 0          ; 1        ;
; EDO.STOREA4     ; 0         ; 0         ; 0         ; 0         ; 0         ; 0         ; 0          ; 0         ; 0          ; 0          ; 0          ; 0           ; 0          ; 0           ; 0          ; 0          ; 0           ; 0           ; 0        ; 0        ; 0        ; 0          ; 0        ; 0        ; 0        ; 0          ; 1           ; 0           ; 0           ; 0          ; 0              ; 0               ; 0               ; 0               ; 0               ; 0              ; 0             ; 0              ; 0              ; 0              ; 0          ; 0          ; 0          ; 1        ;
; EDO.STOREB      ; 0         ; 0         ; 0         ; 0         ; 0         ; 0         ; 0          ; 0         ; 0          ; 0          ; 0          ; 0           ; 0          ; 0           ; 0          ; 0          ; 0           ; 0           ; 0        ; 0        ; 0        ; 0          ; 0        ; 0        ; 0        ; 1          ; 0           ; 0           ; 0           ; 0          ; 0              ; 0               ; 0               ; 0               ; 0               ; 0              ; 0             ; 0              ; 0              ; 0              ; 0          ; 0          ; 0          ; 1        ;
; EDO.JMP1        ; 0         ; 0         ; 0         ; 0         ; 0         ; 0         ; 0          ; 0         ; 0          ; 0          ; 0          ; 0           ; 0          ; 0           ; 0          ; 0          ; 0           ; 0           ; 0        ; 0        ; 0        ; 0          ; 0        ; 0        ; 1        ; 0          ; 0           ; 0           ; 0           ; 0          ; 0              ; 0               ; 0               ; 0               ; 0               ; 0              ; 0             ; 0              ; 0              ; 0              ; 0          ; 0          ; 0          ; 1        ;
; EDO.JMP2        ; 0         ; 0         ; 0         ; 0         ; 0         ; 0         ; 0          ; 0         ; 0          ; 0          ; 0          ; 0           ; 0          ; 0           ; 0          ; 0          ; 0           ; 0           ; 0        ; 0        ; 0        ; 0          ; 0        ; 1        ; 0        ; 0          ; 0           ; 0           ; 0           ; 0          ; 0              ; 0               ; 0               ; 0               ; 0               ; 0              ; 0             ; 0              ; 0              ; 0              ; 0          ; 0          ; 0          ; 1        ;
; EDO.JMP3        ; 0         ; 0         ; 0         ; 0         ; 0         ; 0         ; 0          ; 0         ; 0          ; 0          ; 0          ; 0           ; 0          ; 0           ; 0          ; 0          ; 0           ; 0           ; 0        ; 0        ; 0        ; 0          ; 1        ; 0        ; 0        ; 0          ; 0           ; 0           ; 0           ; 0          ; 0              ; 0               ; 0               ; 0               ; 0               ; 0              ; 0             ; 0              ; 0              ; 0              ; 0          ; 0          ; 0          ; 1        ;
; EDO.JCC1_N      ; 0         ; 0         ; 0         ; 0         ; 0         ; 0         ; 0          ; 0         ; 0          ; 0          ; 0          ; 0           ; 0          ; 0           ; 0          ; 0          ; 0           ; 0           ; 0        ; 0        ; 0        ; 1          ; 0        ; 0        ; 0        ; 0          ; 0           ; 0           ; 0           ; 0          ; 0              ; 0               ; 0               ; 0               ; 0               ; 0              ; 0             ; 0              ; 0              ; 0              ; 0          ; 0          ; 0          ; 1        ;
; EDO.JCC2        ; 0         ; 0         ; 0         ; 0         ; 0         ; 0         ; 0          ; 0         ; 0          ; 0          ; 0          ; 0           ; 0          ; 0           ; 0          ; 0          ; 0           ; 0           ; 0        ; 0        ; 1        ; 0          ; 0        ; 0        ; 0        ; 0          ; 0           ; 0           ; 0           ; 0          ; 0              ; 0               ; 0               ; 0               ; 0               ; 0              ; 0             ; 0              ; 0              ; 0              ; 0          ; 0          ; 0          ; 1        ;
; EDO.JCC3        ; 0         ; 0         ; 0         ; 0         ; 0         ; 0         ; 0          ; 0         ; 0          ; 0          ; 0          ; 0           ; 0          ; 0           ; 0          ; 0          ; 0           ; 0           ; 0        ; 1        ; 0        ; 0          ; 0        ; 0        ; 0        ; 0          ; 0           ; 0           ; 0           ; 0          ; 0              ; 0               ; 0               ; 0               ; 0               ; 0              ; 0             ; 0              ; 0              ; 0              ; 0          ; 0          ; 0          ; 1        ;
; EDO.JCC4        ; 0         ; 0         ; 0         ; 0         ; 0         ; 0         ; 0          ; 0         ; 0          ; 0          ; 0          ; 0           ; 0          ; 0           ; 0          ; 0          ; 0           ; 0           ; 1        ; 0        ; 0        ; 0          ; 0        ; 0        ; 0        ; 0          ; 0           ; 0           ; 0           ; 0          ; 0              ; 0               ; 0               ; 0               ; 0               ; 0              ; 0             ; 0              ; 0              ; 0              ; 0          ; 0          ; 0          ; 1        ;
; EDO.JCC1_NV     ; 0         ; 0         ; 0         ; 0         ; 0         ; 0         ; 0          ; 0         ; 0          ; 0          ; 0          ; 0           ; 0          ; 0           ; 0          ; 0          ; 0           ; 1           ; 0        ; 0        ; 0        ; 0          ; 0        ; 0        ; 0        ; 0          ; 0           ; 0           ; 0           ; 0          ; 0              ; 0               ; 0               ; 0               ; 0               ; 0              ; 0             ; 0              ; 0              ; 0              ; 0          ; 0          ; 0          ; 1        ;
; EDO.JCC1_NN     ; 0         ; 0         ; 0         ; 0         ; 0         ; 0         ; 0          ; 0         ; 0          ; 0          ; 0          ; 0           ; 0          ; 0           ; 0          ; 0          ; 1           ; 0           ; 0        ; 0        ; 0        ; 0          ; 0        ; 0        ; 0        ; 0          ; 0           ; 0           ; 0           ; 0          ; 0              ; 0               ; 0               ; 0               ; 0               ; 0              ; 0             ; 0              ; 0              ; 0              ; 0          ; 0          ; 0          ; 1        ;
; EDO.JCC1_Z      ; 0         ; 0         ; 0         ; 0         ; 0         ; 0         ; 0          ; 0         ; 0          ; 0          ; 0          ; 0           ; 0          ; 0           ; 0          ; 1          ; 0           ; 0           ; 0        ; 0        ; 0        ; 0          ; 0        ; 0        ; 0        ; 0          ; 0           ; 0           ; 0           ; 0          ; 0              ; 0               ; 0               ; 0               ; 0               ; 0              ; 0             ; 0              ; 0              ; 0              ; 0          ; 0          ; 0          ; 1        ;
; EDO.JCC1_V      ; 0         ; 0         ; 0         ; 0         ; 0         ; 0         ; 0          ; 0         ; 0          ; 0          ; 0          ; 0           ; 0          ; 0           ; 1          ; 0          ; 0           ; 0           ; 0        ; 0        ; 0        ; 0          ; 0        ; 0        ; 0        ; 0          ; 0           ; 0           ; 0           ; 0          ; 0              ; 0               ; 0               ; 0               ; 0               ; 0              ; 0             ; 0              ; 0              ; 0              ; 0          ; 0          ; 0          ; 1        ;
; EDO.JCC1_NC     ; 0         ; 0         ; 0         ; 0         ; 0         ; 0         ; 0          ; 0         ; 0          ; 0          ; 0          ; 0           ; 0          ; 1           ; 0          ; 0          ; 0           ; 0           ; 0        ; 0        ; 0        ; 0          ; 0        ; 0        ; 0        ; 0          ; 0           ; 0           ; 0           ; 0          ; 0              ; 0               ; 0               ; 0               ; 0               ; 0              ; 0             ; 0              ; 0              ; 0              ; 0          ; 0          ; 0          ; 1        ;
; EDO.JCC1_C      ; 0         ; 0         ; 0         ; 0         ; 0         ; 0         ; 0          ; 0         ; 0          ; 0          ; 0          ; 0           ; 1          ; 0           ; 0          ; 0          ; 0           ; 0           ; 0        ; 0        ; 0        ; 0          ; 0        ; 0        ; 0        ; 0          ; 0           ; 0           ; 0           ; 0          ; 0              ; 0               ; 0               ; 0               ; 0               ; 0              ; 0             ; 0              ; 0              ; 0              ; 0          ; 0          ; 0          ; 1        ;
; EDO.JCC1_NZ     ; 0         ; 0         ; 0         ; 0         ; 0         ; 0         ; 0          ; 0         ; 0          ; 0          ; 0          ; 1           ; 0          ; 0           ; 0          ; 0          ; 0           ; 0           ; 0        ; 0        ; 0        ; 0          ; 0        ; 0        ; 0        ; 0          ; 0           ; 0           ; 0           ; 0          ; 0              ; 0               ; 0               ; 0               ; 0               ; 0              ; 0             ; 0              ; 0              ; 0              ; 0          ; 0          ; 0          ; 1        ;
; EDO.ADD_AB      ; 0         ; 0         ; 0         ; 0         ; 0         ; 0         ; 0          ; 0         ; 0          ; 0          ; 1          ; 0           ; 0          ; 0           ; 0          ; 0          ; 0           ; 0           ; 0        ; 0        ; 0        ; 0          ; 0        ; 0        ; 0        ; 0          ; 0           ; 0           ; 0           ; 0          ; 0              ; 0               ; 0               ; 0               ; 0               ; 0              ; 0             ; 0              ; 0              ; 0              ; 0          ; 0          ; 0          ; 1        ;
; EDO.SUB_AB      ; 0         ; 0         ; 0         ; 0         ; 0         ; 0         ; 0          ; 0         ; 0          ; 1          ; 0          ; 0           ; 0          ; 0           ; 0          ; 0          ; 0           ; 0           ; 0        ; 0        ; 0        ; 0          ; 0        ; 0        ; 0        ; 0          ; 0           ; 0           ; 0           ; 0          ; 0              ; 0               ; 0               ; 0               ; 0               ; 0              ; 0             ; 0              ; 0              ; 0              ; 0          ; 0          ; 0          ; 1        ;
; EDO.AND_AB      ; 0         ; 0         ; 0         ; 0         ; 0         ; 0         ; 0          ; 0         ; 1          ; 0          ; 0          ; 0           ; 0          ; 0           ; 0          ; 0          ; 0           ; 0           ; 0        ; 0        ; 0        ; 0          ; 0        ; 0        ; 0        ; 0          ; 0           ; 0           ; 0           ; 0          ; 0              ; 0               ; 0               ; 0               ; 0               ; 0              ; 0             ; 0              ; 0              ; 0              ; 0          ; 0          ; 0          ; 1        ;
; EDO.OR_AB       ; 0         ; 0         ; 0         ; 0         ; 0         ; 0         ; 0          ; 1         ; 0          ; 0          ; 0          ; 0           ; 0          ; 0           ; 0          ; 0          ; 0           ; 0           ; 0        ; 0        ; 0        ; 0          ; 0        ; 0        ; 0        ; 0          ; 0           ; 0           ; 0           ; 0          ; 0              ; 0               ; 0               ; 0               ; 0               ; 0              ; 0             ; 0              ; 0              ; 0              ; 0          ; 0          ; 0          ; 1        ;
; EDO.XOR_AB      ; 0         ; 0         ; 0         ; 0         ; 0         ; 0         ; 1          ; 0         ; 0          ; 0          ; 0          ; 0           ; 0          ; 0           ; 0          ; 0          ; 0           ; 0           ; 0        ; 0        ; 0        ; 0          ; 0        ; 0        ; 0        ; 0          ; 0           ; 0           ; 0           ; 0          ; 0              ; 0               ; 0               ; 0               ; 0               ; 0              ; 0             ; 0              ; 0              ; 0              ; 0          ; 0          ; 0          ; 1        ;
; EDO.INC_A       ; 0         ; 0         ; 0         ; 0         ; 0         ; 1         ; 0          ; 0         ; 0          ; 0          ; 0          ; 0           ; 0          ; 0           ; 0          ; 0          ; 0           ; 0           ; 0        ; 0        ; 0        ; 0          ; 0        ; 0        ; 0        ; 0          ; 0           ; 0           ; 0           ; 0          ; 0              ; 0               ; 0               ; 0               ; 0               ; 0              ; 0             ; 0              ; 0              ; 0              ; 0          ; 0          ; 0          ; 1        ;
; EDO.INC_B       ; 0         ; 0         ; 0         ; 0         ; 1         ; 0         ; 0          ; 0         ; 0          ; 0          ; 0          ; 0           ; 0          ; 0           ; 0          ; 0          ; 0           ; 0           ; 0        ; 0        ; 0        ; 0          ; 0        ; 0        ; 0        ; 0          ; 0           ; 0           ; 0           ; 0          ; 0              ; 0               ; 0               ; 0               ; 0               ; 0              ; 0             ; 0              ; 0              ; 0              ; 0          ; 0          ; 0          ; 1        ;
; EDO.DEC_A       ; 0         ; 0         ; 0         ; 1         ; 0         ; 0         ; 0          ; 0         ; 0          ; 0          ; 0          ; 0           ; 0          ; 0           ; 0          ; 0          ; 0           ; 0           ; 0        ; 0        ; 0        ; 0          ; 0        ; 0        ; 0        ; 0          ; 0           ; 0           ; 0           ; 0          ; 0              ; 0               ; 0               ; 0               ; 0               ; 0              ; 0             ; 0              ; 0              ; 0              ; 0          ; 0          ; 0          ; 1        ;
; EDO.DEC_B       ; 0         ; 0         ; 1         ; 0         ; 0         ; 0         ; 0          ; 0         ; 0          ; 0          ; 0          ; 0           ; 0          ; 0           ; 0          ; 0          ; 0           ; 0           ; 0        ; 0        ; 0        ; 0          ; 0        ; 0        ; 0        ; 0          ; 0           ; 0           ; 0           ; 0          ; 0              ; 0               ; 0               ; 0               ; 0               ; 0              ; 0             ; 0              ; 0              ; 0              ; 0          ; 0          ; 0          ; 1        ;
; EDO.NOT_A       ; 0         ; 1         ; 0         ; 0         ; 0         ; 0         ; 0          ; 0         ; 0          ; 0          ; 0          ; 0           ; 0          ; 0           ; 0          ; 0          ; 0           ; 0           ; 0        ; 0        ; 0        ; 0          ; 0        ; 0        ; 0        ; 0          ; 0           ; 0           ; 0           ; 0          ; 0              ; 0               ; 0               ; 0               ; 0               ; 0              ; 0             ; 0              ; 0              ; 0              ; 0          ; 0          ; 0          ; 1        ;
; EDO.NOT_B       ; 1         ; 0         ; 0         ; 0         ; 0         ; 0         ; 0          ; 0         ; 0          ; 0          ; 0          ; 0           ; 0          ; 0           ; 0          ; 0          ; 0           ; 0           ; 0        ; 0        ; 0        ; 0          ; 0        ; 0        ; 0        ; 0          ; 0           ; 0           ; 0           ; 0          ; 0              ; 0               ; 0               ; 0               ; 0               ; 0              ; 0             ; 0              ; 0              ; 0              ; 0          ; 0          ; 0          ; 1        ;
+-----------------+-----------+-----------+-----------+-----------+-----------+-----------+------------+-----------+------------+------------+------------+-------------+------------+-------------+------------+------------+-------------+-------------+----------+----------+----------+------------+----------+----------+----------+------------+-------------+-------------+-------------+------------+----------------+-----------------+-----------------+-----------------+-----------------+----------------+---------------+----------------+----------------+----------------+------------+------------+------------+----------+


+----------------------------------------------------------------------------------------------------+
; User-Specified and Inferred Latches                                                                ;
+-----------------------------------------------------+---------------------+------------------------+
; Latch Name                                          ; Latch Enable Signal ; Free of Timing Hazards ;
+-----------------------------------------------------+---------------------+------------------------+
; IR_Load$latch                                       ; EDO.Decode          ; yes                    ;
; MAR_Load$latch                                      ; EDO.Decode          ; yes                    ;
; PC_Load$latch                                       ; EDO.Decode          ; yes                    ;
; PC_Inc$latch                                        ; EDO.Decode          ; yes                    ;
; A_Load$latch                                        ; EDO.Decode          ; yes                    ;
; B_Load$latch                                        ; EDO.Decode          ; yes                    ;
; CCR_Load$latch                                      ; EDO.Decode          ; yes                    ;
; wr$latch                                            ; wr                  ; yes                    ;
; Bus2_Sel[0]$latch                                   ; EDO.Decode          ; yes                    ;
; Bus2_Sel[1]$latch                                   ; EDO.Decode          ; yes                    ;
; Bus1_Sel[0]$latch                                   ; EDO.Decode          ; yes                    ;
; Bus1_Sel[1]$latch                                   ; EDO.Decode          ; yes                    ;
; ALU_Select[0]$latch                                 ; WideOr26            ; yes                    ;
; ALU_Select[1]$latch                                 ; WideOr26            ; yes                    ;
; ALU_Select[2]$latch                                 ; WideOr26            ; yes                    ;
; ALU_Select[3]$latch                                 ; WideOr26            ; yes                    ;
; ALU_Select[4]$latch                                 ; WideOr26            ; yes                    ;
; ALU_Select[6]$latch                                 ; WideOr26            ; yes                    ;
; Number of user-specified and inferred latches = 18  ;                     ;                        ;
+-----------------------------------------------------+---------------------+------------------------+
Note: All latches listed above may not be present at the end of synthesis due to various synthesis optimizations.


+------------------------------------------------------+
; General Register Statistics                          ;
+----------------------------------------------+-------+
; Statistic                                    ; Value ;
+----------------------------------------------+-------+
; Total registers                              ; 44    ;
; Number of registers using Synchronous Clear  ; 0     ;
; Number of registers using Synchronous Load   ; 0     ;
; Number of registers using Asynchronous Clear ; 44    ;
; Number of registers using Asynchronous Load  ; 0     ;
; Number of registers using Clock Enable       ; 0     ;
; Number of registers using Preset             ; 0     ;
+----------------------------------------------+-------+


+-----------------------------------------------------+
; Post-Synthesis Netlist Statistics for Top Partition ;
+-----------------------+-----------------------------+
; Type                  ; Count                       ;
+-----------------------+-----------------------------+
; boundary_port         ; 35                          ;
; cycloneiii_ff         ; 44                          ;
;     CLR               ; 44                          ;
; cycloneiii_lcell_comb ; 122                         ;
;     normal            ; 122                         ;
;         0 data inputs ; 1                           ;
;         2 data inputs ; 20                          ;
;         3 data inputs ; 35                          ;
;         4 data inputs ; 66                          ;
;                       ;                             ;
; Max LUT depth         ; 6.00                        ;
; Average LUT depth     ; 3.55                        ;
+-----------------------+-----------------------------+


+-------------------------------+
; Elapsed Time Per Partition    ;
+----------------+--------------+
; Partition Name ; Elapsed Time ;
+----------------+--------------+
; Top            ; 00:00:01     ;
+----------------+--------------+


+-------------------------------+
; Analysis & Synthesis Messages ;
+-------------------------------+
Info: *******************************************************************
Info: Running Quartus Prime Analysis & Synthesis
    Info: Version 18.0.0 Build 614 04/24/2018 SJ Lite Edition
    Info: Processing started: Fri May 17 09:32:05 2024
Info: Command: quartus_map --read_settings_files=on --write_settings_files=off ME_Unidad_Control -c ME_Unidad_Control
Warning (18236): Number of processors has not been specified which may cause overloading on shared machines.  Set the global assignment NUM_PARALLEL_PROCESSORS in your QSF to an appropriate value for best performance.
Info (20030): Parallel compilation is enabled and will use 6 of the 6 processors detected
Info (12021): Found 2 design units, including 1 entities, in source file me_unidad_control.vhd
    Info (12022): Found design unit 1: ME_Unidad_Control-RTL File: C:/TE2003B/Procesador-8-Bits-VHDL/ME_Unidad_Control/ME_Unidad_Control.vhd Line: 20
    Info (12023): Found entity 1: ME_Unidad_Control File: C:/TE2003B/Procesador-8-Bits-VHDL/ME_Unidad_Control/ME_Unidad_Control.vhd Line: 8
Info (12127): Elaborating entity "ME_Unidad_Control" for the top level hierarchy
Warning (10492): VHDL Process Statement warning at ME_Unidad_Control.vhd(33): signal "RST" is read inside the Process Statement but isn't in the Process Statement's sensitivity list File: C:/TE2003B/Procesador-8-Bits-VHDL/ME_Unidad_Control/ME_Unidad_Control.vhd Line: 33
Warning (10492): VHDL Process Statement warning at ME_Unidad_Control.vhd(47): signal "Start" is read inside the Process Statement but isn't in the Process Statement's sensitivity list File: C:/TE2003B/Procesador-8-Bits-VHDL/ME_Unidad_Control/ME_Unidad_Control.vhd Line: 47
Warning (10631): VHDL Process Statement warning at ME_Unidad_Control.vhd(313): inferring latch(es) for signal or variable "IR_Load", which holds its previous value in one or more paths through the process File: C:/TE2003B/Procesador-8-Bits-VHDL/ME_Unidad_Control/ME_Unidad_Control.vhd Line: 313
Warning (10631): VHDL Process Statement warning at ME_Unidad_Control.vhd(313): inferring latch(es) for signal or variable "MAR_Load", which holds its previous value in one or more paths through the process File: C:/TE2003B/Procesador-8-Bits-VHDL/ME_Unidad_Control/ME_Unidad_Control.vhd Line: 313
Warning (10631): VHDL Process Statement warning at ME_Unidad_Control.vhd(313): inferring latch(es) for signal or variable "PC_Load", which holds its previous value in one or more paths through the process File: C:/TE2003B/Procesador-8-Bits-VHDL/ME_Unidad_Control/ME_Unidad_Control.vhd Line: 313
Warning (10631): VHDL Process Statement warning at ME_Unidad_Control.vhd(313): inferring latch(es) for signal or variable "PC_Inc", which holds its previous value in one or more paths through the process File: C:/TE2003B/Procesador-8-Bits-VHDL/ME_Unidad_Control/ME_Unidad_Control.vhd Line: 313
Warning (10631): VHDL Process Statement warning at ME_Unidad_Control.vhd(313): inferring latch(es) for signal or variable "A_Load", which holds its previous value in one or more paths through the process File: C:/TE2003B/Procesador-8-Bits-VHDL/ME_Unidad_Control/ME_Unidad_Control.vhd Line: 313
Warning (10631): VHDL Process Statement warning at ME_Unidad_Control.vhd(313): inferring latch(es) for signal or variable "B_Load", which holds its previous value in one or more paths through the process File: C:/TE2003B/Procesador-8-Bits-VHDL/ME_Unidad_Control/ME_Unidad_Control.vhd Line: 313
Warning (10631): VHDL Process Statement warning at ME_Unidad_Control.vhd(313): inferring latch(es) for signal or variable "CCR_Load", which holds its previous value in one or more paths through the process File: C:/TE2003B/Procesador-8-Bits-VHDL/ME_Unidad_Control/ME_Unidad_Control.vhd Line: 313
Warning (10631): VHDL Process Statement warning at ME_Unidad_Control.vhd(313): inferring latch(es) for signal or variable "Bus2_Sel", which holds its previous value in one or more paths through the process File: C:/TE2003B/Procesador-8-Bits-VHDL/ME_Unidad_Control/ME_Unidad_Control.vhd Line: 313
Warning (10631): VHDL Process Statement warning at ME_Unidad_Control.vhd(313): inferring latch(es) for signal or variable "Bus1_Sel", which holds its previous value in one or more paths through the process File: C:/TE2003B/Procesador-8-Bits-VHDL/ME_Unidad_Control/ME_Unidad_Control.vhd Line: 313
Warning (10631): VHDL Process Statement warning at ME_Unidad_Control.vhd(313): inferring latch(es) for signal or variable "ALU_Select", which holds its previous value in one or more paths through the process File: C:/TE2003B/Procesador-8-Bits-VHDL/ME_Unidad_Control/ME_Unidad_Control.vhd Line: 313
Warning (10631): VHDL Process Statement warning at ME_Unidad_Control.vhd(313): inferring latch(es) for signal or variable "wr", which holds its previous value in one or more paths through the process File: C:/TE2003B/Procesador-8-Bits-VHDL/ME_Unidad_Control/ME_Unidad_Control.vhd Line: 313
Info (10041): Inferred latch for "wr" at ME_Unidad_Control.vhd(313) File: C:/TE2003B/Procesador-8-Bits-VHDL/ME_Unidad_Control/ME_Unidad_Control.vhd Line: 313
Info (10041): Inferred latch for "ALU_Select[0]" at ME_Unidad_Control.vhd(313) File: C:/TE2003B/Procesador-8-Bits-VHDL/ME_Unidad_Control/ME_Unidad_Control.vhd Line: 313
Info (10041): Inferred latch for "ALU_Select[1]" at ME_Unidad_Control.vhd(313) File: C:/TE2003B/Procesador-8-Bits-VHDL/ME_Unidad_Control/ME_Unidad_Control.vhd Line: 313
Info (10041): Inferred latch for "ALU_Select[2]" at ME_Unidad_Control.vhd(313) File: C:/TE2003B/Procesador-8-Bits-VHDL/ME_Unidad_Control/ME_Unidad_Control.vhd Line: 313
Info (10041): Inferred latch for "ALU_Select[3]" at ME_Unidad_Control.vhd(313) File: C:/TE2003B/Procesador-8-Bits-VHDL/ME_Unidad_Control/ME_Unidad_Control.vhd Line: 313
Info (10041): Inferred latch for "ALU_Select[4]" at ME_Unidad_Control.vhd(313) File: C:/TE2003B/Procesador-8-Bits-VHDL/ME_Unidad_Control/ME_Unidad_Control.vhd Line: 313
Info (10041): Inferred latch for "ALU_Select[5]" at ME_Unidad_Control.vhd(313) File: C:/TE2003B/Procesador-8-Bits-VHDL/ME_Unidad_Control/ME_Unidad_Control.vhd Line: 313
Info (10041): Inferred latch for "ALU_Select[6]" at ME_Unidad_Control.vhd(313) File: C:/TE2003B/Procesador-8-Bits-VHDL/ME_Unidad_Control/ME_Unidad_Control.vhd Line: 313
Info (10041): Inferred latch for "ALU_Select[7]" at ME_Unidad_Control.vhd(313) File: C:/TE2003B/Procesador-8-Bits-VHDL/ME_Unidad_Control/ME_Unidad_Control.vhd Line: 313
Info (10041): Inferred latch for "Bus1_Sel[0]" at ME_Unidad_Control.vhd(313) File: C:/TE2003B/Procesador-8-Bits-VHDL/ME_Unidad_Control/ME_Unidad_Control.vhd Line: 313
Info (10041): Inferred latch for "Bus1_Sel[1]" at ME_Unidad_Control.vhd(313) File: C:/TE2003B/Procesador-8-Bits-VHDL/ME_Unidad_Control/ME_Unidad_Control.vhd Line: 313
Info (10041): Inferred latch for "Bus2_Sel[0]" at ME_Unidad_Control.vhd(313) File: C:/TE2003B/Procesador-8-Bits-VHDL/ME_Unidad_Control/ME_Unidad_Control.vhd Line: 313
Info (10041): Inferred latch for "Bus2_Sel[1]" at ME_Unidad_Control.vhd(313) File: C:/TE2003B/Procesador-8-Bits-VHDL/ME_Unidad_Control/ME_Unidad_Control.vhd Line: 313
Info (10041): Inferred latch for "CCR_Load" at ME_Unidad_Control.vhd(313) File: C:/TE2003B/Procesador-8-Bits-VHDL/ME_Unidad_Control/ME_Unidad_Control.vhd Line: 313
Info (10041): Inferred latch for "B_Load" at ME_Unidad_Control.vhd(313) File: C:/TE2003B/Procesador-8-Bits-VHDL/ME_Unidad_Control/ME_Unidad_Control.vhd Line: 313
Info (10041): Inferred latch for "A_Load" at ME_Unidad_Control.vhd(313) File: C:/TE2003B/Procesador-8-Bits-VHDL/ME_Unidad_Control/ME_Unidad_Control.vhd Line: 313
Info (10041): Inferred latch for "PC_Inc" at ME_Unidad_Control.vhd(313) File: C:/TE2003B/Procesador-8-Bits-VHDL/ME_Unidad_Control/ME_Unidad_Control.vhd Line: 313
Info (10041): Inferred latch for "PC_Load" at ME_Unidad_Control.vhd(313) File: C:/TE2003B/Procesador-8-Bits-VHDL/ME_Unidad_Control/ME_Unidad_Control.vhd Line: 313
Info (10041): Inferred latch for "MAR_Load" at ME_Unidad_Control.vhd(313) File: C:/TE2003B/Procesador-8-Bits-VHDL/ME_Unidad_Control/ME_Unidad_Control.vhd Line: 313
Info (10041): Inferred latch for "IR_Load" at ME_Unidad_Control.vhd(313) File: C:/TE2003B/Procesador-8-Bits-VHDL/ME_Unidad_Control/ME_Unidad_Control.vhd Line: 313
Warning (13012): Latch ALU_Select[0]$latch has unsafe behavior File: C:/TE2003B/Procesador-8-Bits-VHDL/ME_Unidad_Control/ME_Unidad_Control.vhd Line: 313
    Warning (13013): Ports D and ENA on the latch are fed by the same signal EDO.SUB_AB File: C:/TE2003B/Procesador-8-Bits-VHDL/ME_Unidad_Control/ME_Unidad_Control.vhd Line: 27
Warning (13012): Latch ALU_Select[1]$latch has unsafe behavior File: C:/TE2003B/Procesador-8-Bits-VHDL/ME_Unidad_Control/ME_Unidad_Control.vhd Line: 313
    Warning (13013): Ports D and ENA on the latch are fed by the same signal EDO.AND_AB File: C:/TE2003B/Procesador-8-Bits-VHDL/ME_Unidad_Control/ME_Unidad_Control.vhd Line: 27
Warning (13012): Latch ALU_Select[2]$latch has unsafe behavior File: C:/TE2003B/Procesador-8-Bits-VHDL/ME_Unidad_Control/ME_Unidad_Control.vhd Line: 313
    Warning (13013): Ports D and ENA on the latch are fed by the same signal EDO.XOR_AB File: C:/TE2003B/Procesador-8-Bits-VHDL/ME_Unidad_Control/ME_Unidad_Control.vhd Line: 27
Warning (13012): Latch ALU_Select[3]$latch has unsafe behavior File: C:/TE2003B/Procesador-8-Bits-VHDL/ME_Unidad_Control/ME_Unidad_Control.vhd Line: 313
    Warning (13013): Ports D and ENA on the latch are fed by the same signal EDO.DEC_B File: C:/TE2003B/Procesador-8-Bits-VHDL/ME_Unidad_Control/ME_Unidad_Control.vhd Line: 27
Warning (13012): Latch ALU_Select[4]$latch has unsafe behavior File: C:/TE2003B/Procesador-8-Bits-VHDL/ME_Unidad_Control/ME_Unidad_Control.vhd Line: 313
    Warning (13013): Ports D and ENA on the latch are fed by the same signal EDO.NOT_A File: C:/TE2003B/Procesador-8-Bits-VHDL/ME_Unidad_Control/ME_Unidad_Control.vhd Line: 27
Warning (13012): Latch ALU_Select[6]$latch has unsafe behavior File: C:/TE2003B/Procesador-8-Bits-VHDL/ME_Unidad_Control/ME_Unidad_Control.vhd Line: 313
    Warning (13013): Ports D and ENA on the latch are fed by the same signal EDO.ADD_AB File: C:/TE2003B/Procesador-8-Bits-VHDL/ME_Unidad_Control/ME_Unidad_Control.vhd Line: 27
Warning (13024): Output pins are stuck at VCC or GND
    Warning (13410): Pin "ALU_Select[5]" is stuck at GND File: C:/TE2003B/Procesador-8-Bits-VHDL/ME_Unidad_Control/ME_Unidad_Control.vhd Line: 313
    Warning (13410): Pin "ALU_Select[7]" is stuck at GND File: C:/TE2003B/Procesador-8-Bits-VHDL/ME_Unidad_Control/ME_Unidad_Control.vhd Line: 313
Info (286030): Timing-Driven Synthesis is running
Info (16010): Generating hard_block partition "hard_block:auto_generated_inst"
    Info (16011): Adding 0 node(s), including 0 DDIO, 0 PLL, 0 transceiver and 0 LCELL
Info (21057): Implemented 167 device resources after synthesis - the final resource count might be different
    Info (21058): Implemented 15 input pins
    Info (21059): Implemented 20 output pins
    Info (21061): Implemented 132 logic cells
Info: Quartus Prime Analysis & Synthesis was successful. 0 errors, 29 warnings
    Info: Peak virtual memory: 4808 megabytes
    Info: Processing ended: Fri May 17 09:32:20 2024
    Info: Elapsed time: 00:00:15
    Info: Total CPU time (on all processors): 00:00:31


